// Jest Snapshot v1, https://goo.gl/fbAQLP

exports[`PostDetails renders properly 1`] = `
<div class="container">
  <div class="top">
    <div class="details"><a to="/profiles/test" class="author">test</a>
      <div class="date">Thursday, December 28th 2017</div>
      <div class="info">Awaiting approval</div>
    </div>
    <div class="images">
      <div images="https://test.com/v1/posts/asdfasdf/images/0,https://test.com/v1/posts/asdfasdf/images/1,https://test.com/v1/posts/asdfasdf/images/2"></div>
      <div class="image" style="background-image: url(https://test.com/v1/posts/asdfasdf/images/0); width: 300px; height: 200px;"></div>
      <div class="image" style="background-image: url(https://test.com/v1/posts/asdfasdf/images/1); width: 300px; height: 200px;"></div>
      <div class="image" style="background-image: url(https://test.com/v1/posts/asdfasdf/images/2); width: 300px; height: 200px;"></div>
    </div>
  </div>
  <div class="title">test</div>
  <div class="main">
    <div class="content">
      <div>sadfasdfsadf sdsdsdg</div>
    </div>
  </div>
</div>
`;
