// Jest Snapshot v1, https://goo.gl/fbAQLP

exports[`login renders properly 1`] = `
<div class="container">
  <form method="post" class="login">
    <div><input type="text" placeholder="Username"> <input type="password" placeholder="Password">
      <!---->
    </div> <button disabled="disabled" type="submit">
      Login
    </button>
  </form>
</div>
`;
