// Jest Snapshot v1, https://goo.gl/fbAQLP

exports[`profiles/_id renders properly 1`] = `
<div class="page-container">
  <div class="profile-container">
    <div>
      <div class="username">
        test
      </div>
      <div class="name">lel lol</div>
    </div>
  </div>
</div>
`;
